#-----------------------------------------------------------
# Webtalk v2019.1 (64-bit)
# SW Build 2552052 on Fri May 24 14:47:09 MDT 2019
# IP Build 2548770 on Fri May 24 18:01:18 MDT 2019
# Start of session at: Wed Nov  9 01:01:48 2022
# Process ID: 22999
# Current directory: /ad/eng/users/w/k/wkrska/Documents/EC551/EC551_Labs/Lab2/Unified Terminal Interface/Terminal_Interface/Terminal_Interface.sim/sim_1/behav/xsim
# Command line: wbtcv -mode batch -source /ad/eng/users/w/k/wkrska/Documents/EC551/EC551_Labs/Lab2/Unified Terminal Interface/Terminal_Interface/Terminal_Interface.sim/sim_1/behav/xsim/xsim.dir/test_mat3mult_behav/webtalk/xsim_webtalk.tcl -notrace
# Log file: /ad/eng/users/w/k/wkrska/Documents/EC551/EC551_Labs/Lab2/Unified Terminal Interface/Terminal_Interface/Terminal_Interface.sim/sim_1/behav/xsim/webtalk.log
# Journal file: /ad/eng/users/w/k/wkrska/Documents/EC551/EC551_Labs/Lab2/Unified Terminal Interface/Terminal_Interface/Terminal_Interface.sim/sim_1/behav/xsim/webtalk.jou
#-----------------------------------------------------------
source /ad/eng/users/w/k/wkrska/Documents/EC551/EC551_Labs/Lab2/Unified -notrace
