#-----------------------------------------------------------
# Vivado v2019.1 (64-bit)
# SW Build 2552052 on Fri May 24 14:49:42 MDT 2019
# IP Build 2548770 on Fri May 24 18:01:18 MDT 2019
# Start of session at: Sun Nov  6 08:37:05 2022
# Process ID: 24508
# Current directory: X:/EC551/Labs/Lab1/Final Copy/EC551_Labs/Lab2/Keyboard Demo/Keyboard_Demo
# Command line: vivado.exe -gui_launcher_event rodinguilauncherevent19680 X:\EC551\Labs\Lab1\Final Copy\EC551_Labs\Lab2\Keyboard Demo\Keyboard_Demo\Keyboard_Demo.xpr
# Log file: X:/EC551/Labs/Lab1/Final Copy/EC551_Labs/Lab2/Keyboard Demo/Keyboard_Demo/vivado.log
# Journal file: X:/EC551/Labs/Lab1/Final Copy/EC551_Labs/Lab2/Keyboard Demo/Keyboard_Demo\vivado.jou
#-----------------------------------------------------------
start_gui
open_project {X:/EC551/Labs/Lab1/Final Copy/EC551_Labs/Lab2/Keyboard Demo/Keyboard_Demo/Keyboard_Demo.xpr}
update_compile_order -fileset sources_1
open_hw
connect_hw_server
open_hw_target
set_property PROGRAM.FILE {X:/EC551/Labs/Lab1/Final Copy/EC551_Labs/Lab2/Keyboard Demo/Keyboard_Demo/Keyboard_Demo.runs/impl_1/top.bit} [get_hw_devices xc7a100t_0]
current_hw_device [get_hw_devices xc7a100t_0]
refresh_hw_device -update_hw_probes false [lindex [get_hw_devices xc7a100t_0] 0]
set_property PROBES.FILE {} [get_hw_devices xc7a100t_0]
set_property FULL_PROBES.FILE {} [get_hw_devices xc7a100t_0]
set_property PROGRAM.FILE {X:/EC551/Labs/Lab1/Final Copy/EC551_Labs/Lab2/Keyboard Demo/Keyboard_Demo/Keyboard_Demo.runs/impl_1/top.bit} [get_hw_devices xc7a100t_0]
program_hw_devices [get_hw_devices xc7a100t_0]
refresh_hw_device [lindex [get_hw_devices xc7a100t_0] 0]
