#-----------------------------------------------------------
# Vivado v2019.1 (64-bit)
# SW Build 2552052 on Fri May 24 14:49:42 MDT 2019
# IP Build 2548770 on Fri May 24 18:01:18 MDT 2019
# Start of session at: Fri Oct 28 15:48:43 2022
# Process ID: 10616
# Current directory: X:/EC551/Labs/Lab1/Final Copy/EC551_Labs/lab_1
# Command line: vivado.exe -gui_launcher_event rodinguilauncherevent7640 X:\EC551\Labs\Lab1\Final Copy\EC551_Labs\lab_1\lab_1.xpr
# Log file: X:/EC551/Labs/Lab1/Final Copy/EC551_Labs/lab_1/vivado.log
# Journal file: X:/EC551/Labs/Lab1/Final Copy/EC551_Labs/lab_1\vivado.jou
#-----------------------------------------------------------
start_gui
open_project {X:/EC551/Labs/Lab1/Final Copy/EC551_Labs/lab_1/lab_1.xpr}
update_compile_order -fileset sources_1
launch_simulation
open_wave_config {X:/EC551/Labs/Lab1/Final Copy/EC551_Labs/lab_1/t_top_behav.wcfg}
source t_top.tcl
close_sim
launch_simulation
open_wave_config {X:/EC551/Labs/Lab1/Final Copy/EC551_Labs/lab_1/t_top_behav.wcfg}
source t_top.tcl
close_sim
launch_simulation
open_wave_config {X:/EC551/Labs/Lab1/Final Copy/EC551_Labs/lab_1/t_top_behav.wcfg}
source t_top.tcl
launch_simulation -mode post-synthesis -type functional
close_sim
