#-----------------------------------------------------------
# Vivado v2019.1 (64-bit)
# SW Build 2552052 on Fri May 24 14:49:42 MDT 2019
# IP Build 2548770 on Fri May 24 18:01:18 MDT 2019
# Start of session at: Sun Nov  6 07:59:37 2022
# Process ID: 16432
# Current directory: X:/EC551/Labs/Lab1/Final Copy/EC551_Labs/lab_1
# Command line: vivado.exe -gui_launcher_event rodinguilauncherevent16160 X:\EC551\Labs\Lab1\Final Copy\EC551_Labs\lab_1\lab_1.xpr
# Log file: X:/EC551/Labs/Lab1/Final Copy/EC551_Labs/lab_1/vivado.log
# Journal file: X:/EC551/Labs/Lab1/Final Copy/EC551_Labs/lab_1\vivado.jou
#-----------------------------------------------------------
start_gui
open_project {X:/EC551/Labs/Lab1/Final Copy/EC551_Labs/lab_1/lab_1.xpr}
update_compile_order -fileset sources_1
open_hw
connect_hw_server
open_hw_target
set_property PROGRAM.FILE {X:/EC551/Labs/Lab1/Final Copy/EC551_Labs/lab_1/lab_1.runs/impl_1/top.bit} [get_hw_devices xc7a100t_0]
current_hw_device [get_hw_devices xc7a100t_0]
refresh_hw_device -update_hw_probes false [lindex [get_hw_devices xc7a100t_0] 0]
set_property PROBES.FILE {} [get_hw_devices xc7a100t_0]
set_property FULL_PROBES.FILE {} [get_hw_devices xc7a100t_0]
set_property PROGRAM.FILE {X:/EC551/Labs/Lab1/Final Copy/EC551_Labs/lab_1/lab_1.runs/impl_1/top.bit} [get_hw_devices xc7a100t_0]
program_hw_devices [get_hw_devices xc7a100t_0]
refresh_hw_device [lindex [get_hw_devices xc7a100t_0] 0]
close_hw
